121
16
300
***********************************************************************************************************************   
*                                              OOO                                                   *                *   
* S                                            OOO                            OO                     *                *   
*                                              OOOE                           **                     *  P             *   
*                                        OOO   ****                                            E  E  *            *OOO*   
*     *P*                                ***      *               E                   C*   *********O*      C    **OOO*   
*                                        *        *               CC                   *           *O*          ***OOO*   
*            E                         ***   P    *        *J*                         *   E       *O*         ****OOO*   
***************            OOO       OO*          *                                    *******     *O*   C    *****OOO*   
*OOOOOOOOOOOOOO     E      E         ***  E E E E *  E   E                                   *E    *O        ******OOO*   
*OOOOOOOOOOOOOO     CJVC   ***    E      ******************CPC*                              **    *        *******OOO*   
*              *                 **      OOOOO      O         *                                    *       *          *   
* E E E E E E  *   E       E     **      OOOOO                *               EOEOEOEOEOEOEO       *      **          *   
****************  ***  ********  ******************  *************OEOEOEOEOEO***************OEO*****E E ****EGEEEE    *         
****************DD***DD********DD******************DD*************DDDDDDDDDDD***************DDD*****DDDD**********EEE *   
****************DD***DD********DD******************DD*************DDDDDDDDDDD***************DDD*****DDDD**********DDDD*   
                                                                                                                                                                                                        
                                                                                                                                                                                                        
                                                                                                                                                                                                        
                                                                                                                                                                                                        
                                                                                                                                                                                                        
